// Jest Snapshot v1, https://goo.gl/fbAQLP

exports[`scales page renders scales page unchanged 1`] = `
<div>
  <div
    class="page"
  >
    <header>
      <h1>
        Major Natural scales notes
      </h1>
    </header>
    <main
      class="main"
    >
      <ol>
        <li>
          <button
            class="scaleButton"
            value="C Major"
          >
            C Major
          </button>
          <div
            class="breakLine"
          >
            <br />
          </div>
          <span>
            C4
             
            -
             
          </span>
          <span>
            D4
             
            -
             
          </span>
          <span>
            E4
             
            -
             
          </span>
          <span>
            F4
             
            -
             
          </span>
          <span>
            G4
             
            -
             
          </span>
          <span>
            A4
             
            -
             
          </span>
          <span>
            B4
             
             
          </span>
          <div
            class="breakLine"
          >
            <br />
          </div>
        </li>
        <li>
          <button
            class="scaleButton"
            value="D Major"
          >
            D Major
          </button>
          <div
            class="breakLine"
          >
            <br />
          </div>
          <span>
            D4
             
            -
             
          </span>
          <span>
            E4
             
            -
             
          </span>
          <span>
            F#4
             
            -
             
          </span>
          <span>
            G4
             
            -
             
          </span>
          <span>
            A4
             
            -
             
          </span>
          <span>
            B4
             
            -
             
          </span>
          <span>
            C#5
             
             
          </span>
          <div
            class="breakLine"
          >
            <br />
          </div>
        </li>
        <li>
          <button
            class="scaleButton"
            value="E Major"
          >
            E Major
          </button>
          <div
            class="breakLine"
          >
            <br />
          </div>
          <span>
            E4
             
            -
             
          </span>
          <span>
            F#4
             
            -
             
          </span>
          <span>
            G#4
             
            -
             
          </span>
          <span>
            A4
             
            -
             
          </span>
          <span>
            B4
             
            -
             
          </span>
          <span>
            C#5
             
            -
             
          </span>
          <span>
            D#5
             
             
          </span>
          <div
            class="breakLine"
          >
            <br />
          </div>
        </li>
        <li>
          <button
            class="scaleButton"
            value="F Major"
          >
            F Major
          </button>
          <div
            class="breakLine"
          >
            <br />
          </div>
          <span>
            F4
             
            -
             
          </span>
          <span>
            G4
             
            -
             
          </span>
          <span>
            A4
             
            -
             
          </span>
          <span>
            Bb4
             
            -
             
          </span>
          <span>
            C5
             
            -
             
          </span>
          <span>
            D5
             
            -
             
          </span>
          <span>
            E5
             
             
          </span>
          <div
            class="breakLine"
          >
            <br />
          </div>
        </li>
        <li>
          <button
            class="scaleButton"
            value="G Major"
          >
            G Major
          </button>
          <div
            class="breakLine"
          >
            <br />
          </div>
          <span>
            G4
             
            -
             
          </span>
          <span>
            A4
             
            -
             
          </span>
          <span>
            B4
             
            -
             
          </span>
          <span>
            C5
             
            -
             
          </span>
          <span>
            D5
             
            -
             
          </span>
          <span>
            E5
             
            -
             
          </span>
          <span>
            F#5
             
             
          </span>
          <div
            class="breakLine"
          >
            <br />
          </div>
        </li>
        <li>
          <button
            class="scaleButton"
            value="A Major"
          >
            A Major
          </button>
          <div
            class="breakLine"
          >
            <br />
          </div>
          <span>
            A4
             
            -
             
          </span>
          <span>
            B4
             
            -
             
          </span>
          <span>
            C#5
             
            -
             
          </span>
          <span>
            D5
             
            -
             
          </span>
          <span>
            E5
             
            -
             
          </span>
          <span>
            F#5
             
            -
             
          </span>
          <span>
            G#5
             
             
          </span>
          <div
            class="breakLine"
          >
            <br />
          </div>
        </li>
        <li>
          <button
            class="scaleButton"
            value="B Major"
          >
            B Major
          </button>
          <div
            class="breakLine"
          >
            <br />
          </div>
          <span>
            B4
             
            -
             
          </span>
          <span>
            C#5
             
            -
             
          </span>
          <span>
            D#5
             
            -
             
          </span>
          <span>
            E5
             
            -
             
          </span>
          <span>
            F#5
             
            -
             
          </span>
          <span>
            G#5
             
            -
             
          </span>
          <span>
            A#5
             
             
          </span>
          <div
            class="breakLine"
          >
            <br />
          </div>
        </li>
      </ol>
    </main>
    <footer>
      <a
        href="/"
      >
        Back to home
      </a>
    </footer>
  </div>
</div>
`;
